// Jest Snapshot v1, https://goo.gl/fbAQLP

exports[`Header renders correctly 1`] = `
<header
  style={
    Object {
      "marginLeft": "10%",
      "marginRight": "10%",
    }
  }
>
  <div>
    <p-grid>
      <p-grid-item>
        <p-headline>
          Porsche Design System in Gatsby
        </p-headline>
      </p-grid-item>
      <p-grid-item>
        <p-divider />
      </p-grid-item>
      <p-grid-item>
        <a
          className="removeLinkStyle"
          href="/collectionPage"
        >
          <p-link-pure>
            Components Collection
          </p-link-pure>
        </a>
        <a
          className="removeLinkStyle"
          href="/formsPage"
        >
          <p-link-pure>
            Forms
          </p-link-pure>
        </a>
      </p-grid-item>
      <p-grid-item>
        <p-divider />
      </p-grid-item>
    </p-grid>
  </div>
</header>
`;
